1
A
1
A
1
A
1
A
2
A
D
2
A
D
2
A
D
3
A
D
G
3
A
D
G
3
A
D
G
4
A
D
G
J
4
A
D
G
J
4
A
D
G
J
5
A
D
G
J
M
5
A
D
G
J
M
5
A
D
G
J
M
6
A
D
G
J
M
P
6
A
D
G
J
M
P
6
A
D
G
J
M
P
1
AA
1
AA
1
AA
3
AA
DB
BD
4
AA
DA
AD
DD
7
AA
DB
GC
CD
FE
BF
EG
8
AA
EA
DC
HC
CE
GE
BG
FG
9
AA
DA
GA
AD
DD
GD
AG
DG
GG
12
AA
DA
GB
JC
CD
FD
IE
BF
EG
HG
AH
HJ
1
AAA
1
AAA
4
AAA
DCB
CAC
BCD
6
AAA
DBA
BDA
EAC
BAD
CDD
16
AAA
DBA
CDA
EAB
AEB
CBC
BDC
EEC
DAD
ABD
FDD
BAE
DEE
FBF
EDF
BEF
1
AAAA
3
AAAA
CBAB
BCAC
8
AAAA
CABA
ADCB
CDDB
ACAC
CCBC
ABCD
CBDD
20
AAAA
DBAA
BDAA
EACA
CBCA
DDAB
CDCB
AECB
BEEB
ECAC
ACDC
EEEC
CEBD
BCCD
EADD
DCED
ACBE
DDCE
BADE
ECDE
2
AAAAA
BABAB
3
AAAAA
CBABA
BCACA
21
AAAAA
CABAA
CBABA
ABDBA
DDACA
BACCA
CCBAB
DCDAB
ADDCB
BCCDB
CACAC
AADAC
ABCBC
DAACC
BDCCC
CCDDC
BCBAD
DBBBD
BAACD
CDBCD
DCADD
2
AAAAAA
BABABA
9
AAAAAA
CBABAA
BCACAA
CBBAAB
BCBBAB
AABCAB
BCCAAC
AACBAC
CBCCAC
2
AAAAAAA
BABABAA
4
AAAAAAAA
BABABAAA
BAAAABAB
AABABBAB
6
AAAAAAAAA
BABABAAAA
BAAAABABA
AABAABAAB
ABAABBBAB
BBBABBABB
12
AAAAAAAAAA
BABABAAAAA
BAAAABABAA
AABAABAABA
ABAABBBABA
BBBABBABBA
ABBBABAAAB
BBAAABBAAB
BAABBBBBAB
BBAABBAABB
AAABABBABB
ABABBBABBB
